// Jest Snapshot v1, https://goo.gl/fbAQLP

exports[`should render index.jsx 1`] = `
<div>
  <div>
    <header>
      <p>
        Please Sign the Guest book
      </p>
    </header>
    <main>
      <fieldset
        class="w-1/4 border p-4"
      >
        <legend>
          Sign In
        </legend>
        <form
          class="grid grid-cols-[1fr_2fr] grid-rows-3"
        >
          <label
            class="self-center text-right"
            for="username"
          >
            Username
          </label>
          <input
            class="border p-2 m-3"
            id="username"
            name="username"
            required=""
            type="text"
            value=""
          />
          <label
            class="self-center text-right"
            for="password"
          >
            Password
          </label>
          <input
            class="border p-2 m-3"
            id="password"
            name="password"
            required=""
            type="password"
            value=""
          />
          <button
            class="h-12 self-center bg-black text-white p-1 font-bold col-span-2"
            type="submit"
          >
            Sign In
          </button>
        </form>
      </fieldset>
    </main>
    <div>
      I'm a footer
    </div>
  </div>
</div>
`;
