// Jest Snapshot v1, https://goo.gl/fbAQLP

exports[`should render index.jsx 1`] = `
<div>
  <div>
    <header>
      <p>
        Please Sign the Guest book
      </p>
    </header>
    <main>
      <h1>
        Please Sign the Guestbook!
      </h1>
      <form>
        <div>
          <div>
            <label
              for="guestName"
            >
              Guest Name
            </label>
          </div>
          <div>
            <input
              id="guestName"
              placeholder="Guest Name..."
              type="text"
              value=""
            />
          </div>
        </div>
        <div>
          <div>
            <label
              for="guestEntry"
            >
              Guest Entry
            </label>
          </div>
          <div>
            <textarea
              id="guestEntry"
              placeholder="Your Entry!"
            />
          </div>
        </div>
        <div>
          <button
            class="button"
            type="submit"
          >
            Sign
          </button>
          
        </div>
      </form>
      <div />
    </main>
    <div>
      I'm a footer
    </div>
  </div>
</div>
`;
